**Summary of other router updates:**
*   **`cart.ts`, `order.ts`, `user.ts`:** These would be similarly updated with Zod schemas for inputs and role checks in protected procedures. For example, `order.all` should check `ctx.session.user.id` to fetch orders for the logged-in user only.

# run `pnpm prisma migrate dev` and `pnpm prisma db seed` 
You can now confidently proceed with the following commands:
1.  `pnpm prisma format` (To ensure consistent formatting)
2.  `pnpm prisma migrate dev`

These commands should now execute successfully without any validation errors, allowing you to synchronize your database and continue with the development plan.

---
$ pnpm prisma format
Prisma schema loaded from prisma/schema.prisma
Formatted prisma/schema.prisma in 73ms 🚀
┌─────────────────────────────────────────────────────────┐
│  Update available 5.16.1 -> 6.10.1                      │
│                                                         │
│  This is a major update - please follow the guide at    │
│  https://pris.ly/d/major-version-upgrade                │
│                                                         │
│  Run the following to update                            │
│    npm i --save-dev prisma@latest                       │
│    npm i @prisma/client@latest                          │
└─────────────────────────────────────────────────────────┘

$ npm i --save-dev prisma@latest 

added 1 package, changed 6 packages, and audited 611 packages in 8s

72 packages are looking for funding
  run `npm fund` for details

found 0 vulnerabilities

$ npm i @prisma/client@latest 

changed 1 package, and audited 611 packages in 10s

72 packages are looking for funding
  run `npm fund` for details

found 0 vulnerabilities

$ cat package.json
{
  "name": "the-scent",
  "version": "0.1.0",
  "private": true,
  "scripts": {
    "dev": "next dev",
    "build": "next build",
    "start": "next start",
    "lint": "next lint",
    "test": "jest",
    "test:watch": "jest --watch",
    "test:e2e": "playwright test",
    "prisma:seed": "ts-node --compiler-options '{\"module\":\"CommonJS\"}' prisma/seed.ts"
  },
  "dependencies": {
    "@aws-sdk/client-s3": "^3.600.0",
    "@next-auth/prisma-adapter": "^1.0.7",
    "@prisma/client": "^6.10.1",
    "@sendgrid/mail": "^8.1.3",
    "@tanstack/react-query": "^5.50.1",
    "@trpc/client": "11.0.0-rc.446",
    "@trpc/next": "11.0.0-rc.446",
    "@trpc/react-query": "11.0.0-rc.446",
    "@trpc/server": "11.0.0-rc.446",
    "algoliasearch": "^4.24.0",
    "bcryptjs": "^2.4.3",
    "next": "^14.2.30",
    "next-auth": "^4.24.7",
    "pnpm": "^10.12.3",
    "react": "18.3.1",
    "react-dom": "18.3.1",
    "stripe": "^16.2.0",
    "superjson": "^2.2.1",
    "zod": "^3.23.8",
    "zustand": "^4.5.4"
  },
  "devDependencies": {
    "@playwright/test": "^1.45.1",
    "@tailwindcss/postcss": "^4.0.0-alpha.16",
    "@testing-library/jest-dom": "^6.4.6",
    "@testing-library/react": "^16.0.0",
    "@types/bcryptjs": "^2.4.6",
    "@types/node": "^20.14.9",
    "@types/react": "^18.3.3",
    "@types/react-dom": "^18.3.0",
    "jest": "^29.7.0",
    "jest-environment-jsdom": "^29.7.0",
    "prisma": "^6.10.1",
    "tailwindcss": "^4.0.0-alpha.16",
    "ts-node": "^10.9.2",
    "typescript": "^5.5.3"
  }
}

$ pnpm prisma migrate dev
Prisma schema loaded from prisma/schema.prisma
Error: Prisma schema validation - (get-config wasm)
Error code: P1012
error: Environment variable not found: DATABASE_DIRECT_URL.
  -->  prisma/schema.prisma:10
   | 
 9 |   url       = env("DATABASE_URL")
10 |   directUrl = env("DATABASE_DIRECT_URL")
   | 

Validation Error Count: 1
[Context: getConfig]

Prisma CLI Version : 6.10.1

$ grep DATABASE .env.local 
DATABASE_URL="postgresql://scent_user:StrongPass1234@localhost:5432/scent_db?schema=public"
DATABASE_DIRECT_URL="postgresql://scent_user:StrongPass1234@localhost:5432/scent_db?schema=public"

$ grep URL prisma/schema.prisma 
  url       = env("DATABASE_URL")
  directUrl = env("DATABASE_DIRECT_URL")

$ mv .env.local .env

$ pnpm prisma migrate dev
Environment variables loaded from .env
Prisma schema loaded from prisma/schema.prisma
Datasource "db": PostgreSQL database "scent_db", schema "public" at "localhost:5432"

✔ Enter a name for the new migration: … test
Applying migration `20250625035634_test`

The following migration(s) have been created and applied from new schema changes:

migrations/
  └─ 20250625035634_test/
    └─ migration.sql

Your database is now in sync with your schema.

✔ Generated Prisma Client (v6.10.1) to ./node_modules/@prisma/client in 370ms

$ pnpm prisma db seed
Environment variables loaded from .env

